// Jest Snapshot v1, https://goo.gl/fbAQLP

exports[`Card will render with correct attribs 1`] = `
<DocumentFragment>
  <section
    class="card card__content"
  >
    <p
      class="card__content-text"
    >
      text here
    </p>
    <p
      class="card__content-emoji"
    >
      🐱
    </p>
    <input
      class="card__delete"
      name="123"
      type="button"
      value="DELETE"
    />
  </section>
</DocumentFragment>
`;
